\BOOKMARK [0][-]{chapter.1}{\376\377\0001\000\040\000I\000n\000t\000r\000o\000d\000u\000c\000c\000i\000\363\000n}{}% 1
\BOOKMARK [1][-]{section.1.1}{\376\377\0001\000.\0001\000\040\000I\000n\000t\000r\000o\000d\000u\000c\000c\000i\000\363\000n}{chapter.1}% 2
\BOOKMARK [2][-]{subsection.1.1.1}{\376\377\0001\000.\0001\000.\0001\000\040\000A\000g\000e\000n\000t\000e\000s\000\040\000d\000e\000\040\000I\000A\000\040\000y\000\040\000A\000r\000q\000u\000i\000t\000e\000c\000t\000u\000r\000a\000s\000\040\000d\000e\000\040\000R\000a\000z\000o\000n\000a\000m\000i\000e\000n\000t\000o}{section.1.1}% 3
\BOOKMARK [2][-]{subsection.1.1.2}{\376\377\0001\000.\0001\000.\0002\000\040\000E\000n\000t\000o\000r\000n\000o\000s\000\040\000d\000e\000\040\000E\000j\000e\000c\000u\000c\000i\000\363\000n\000\040\000L\000o\000c\000a\000l\000\040\000y\000\040\000P\000r\000i\000v\000a\000c\000i\000d\000a\000d\000\040\000d\000e\000\040\000D\000a\000t\000o\000s}{section.1.1}% 4
\BOOKMARK [2][-]{subsection.1.1.3}{\376\377\0001\000.\0001\000.\0003\000\040\000M\000o\000d\000e\000l\000o\000s\000\040\000d\000e\000\040\000L\000e\000n\000g\000u\000a\000j\000e\000,\000\040\000R\000e\000c\000u\000p\000e\000r\000a\000c\000i\000\363\000n\000\040\000A\000u\000m\000e\000n\000t\000a\000d\000a\000\040\000y\000\040\000H\000e\000r\000r\000a\000m\000i\000e\000n\000t\000a\000s\000\040\000E\000x\000t\000e\000r\000n\000a\000s}{section.1.1}% 5
\BOOKMARK [1][-]{section.1.2}{\376\377\0001\000.\0002\000\040\000M\000o\000t\000i\000v\000a\000c\000i\000\363\000n}{chapter.1}% 6
\BOOKMARK [1][-]{section.1.3}{\376\377\0001\000.\0003\000\040\000O\000b\000j\000e\000t\000i\000v\000o\000s}{chapter.1}% 7
\BOOKMARK [2][-]{subsection.1.3.1}{\376\377\0001\000.\0003\000.\0001\000\040\000O\000b\000j\000e\000t\000i\000v\000o\000s\000\040\000E\000s\000p\000e\000c\000\355\000f\000i\000c\000o\000s\000\040\000y\000\040\000R\000e\000t\000o\000s\000\040\000T\000\351\000c\000n\000i\000c\000o\000s}{section.1.3}% 8
\BOOKMARK [2][-]{subsection.1.3.2}{\376\377\0001\000.\0003\000.\0002\000\040\000M\000e\000t\000o\000d\000o\000l\000o\000g\000\355\000a\000\040\000d\000e\000\040\000D\000e\000s\000a\000r\000r\000o\000l\000l\000o}{section.1.3}% 9
\BOOKMARK [1][-]{section.1.4}{\376\377\0001\000.\0004\000\040\000O\000r\000g\000a\000n\000i\000z\000a\000c\000i\000\363\000n\000\040\000d\000e\000\040\000l\000a\000\040\000M\000e\000m\000o\000r\000i\000a}{chapter.1}% 10
\BOOKMARK [0][-]{chapter.2}{\376\377\0002\000\040\000E\000s\000t\000a\000d\000o\000\040\000d\000e\000l\000\040\000a\000r\000t\000e}{}% 11
\BOOKMARK [1][-]{section.2.1}{\376\377\0002\000.\0001\000\040\000A\000n\000\341\000l\000i\000s\000i\000s\000\040\000d\000e\000\040\000t\000e\000c\000n\000o\000l\000o\000g\000\355\000a\000s\000\040\000y\000\040\000p\000r\000o\000y\000e\000c\000t\000o\000s\000\040\000s\000i\000m\000i\000l\000a\000r\000e\000s\000\040\000p\000a\000r\000a\000\040\000a\000g\000e\000n\000t\000e\000s\000\040\000d\000e\000\040\000I\000A\000\040\000l\000o\000c\000a\000l\000e\000s}{chapter.2}% 12
\BOOKMARK [2][-]{subsection.2.1.1}{\376\377\0002\000.\0001\000.\0001\000\040\000T\000h\000i\000n\000k\000-\000A\000n\000y\000w\000h\000e\000r\000e}{section.2.1}% 13
\BOOKMARK [2][-]{subsection.2.1.2}{\376\377\0002\000.\0001\000.\0002\000\040\000G\000o\000o\000g\000l\000e\000\040\000A\000I\000\040\000E\000d\000g\000e\000\040\000G\000a\000l\000l\000e\000r\000y}{section.2.1}% 14
\BOOKMARK [2][-]{subsection.2.1.3}{\376\377\0002\000.\0001\000.\0003\000\040\000T\000i\000n\000y\000A\000g\000e\000n\000t}{section.2.1}% 15
\BOOKMARK [2][-]{subsection.2.1.4}{\376\377\0002\000.\0001\000.\0004\000\040\000S\000e\000l\000f\000-\000R\000A\000G}{section.2.1}% 16
\BOOKMARK [2][-]{subsection.2.1.5}{\376\377\0002\000.\0001\000.\0005\000\040\000C\000o\000n\000c\000l\000u\000s\000i\000o\000n\000e\000s}{section.2.1}% 17
\BOOKMARK [1][-]{section.2.2}{\376\377\0002\000.\0002\000\040\000E\000v\000a\000l\000u\000a\000c\000i\000\363\000n\000\040\000d\000e\000\040\000t\000e\000c\000n\000o\000l\000o\000g\000\355\000a\000s\000\040\000p\000a\000r\000a\000\040\000e\000l\000\040\000d\000e\000s\000a\000r\000r\000o\000l\000l\000o\000\040\000d\000e\000l\000\040\000T\000F\000M}{chapter.2}% 18
\BOOKMARK [2][-]{subsection.2.2.1}{\376\377\0002\000.\0002\000.\0001\000\040\000H\000a\000r\000d\000w\000a\000r\000e}{section.2.2}% 19
\BOOKMARK [2][-]{subsection.2.2.2}{\376\377\0002\000.\0002\000.\0002\000\040\000I\000n\000f\000r\000a\000e\000s\000t\000r\000u\000c\000t\000u\000r\000a\000,\000\040\000v\000i\000r\000t\000u\000a\000l\000i\000z\000a\000c\000i\000\363\000n\000\040\000y\000\040\000d\000e\000s\000p\000l\000i\000e\000g\000u\000e}{section.2.2}% 20
\BOOKMARK [2][-]{subsection.2.2.3}{\376\377\0002\000.\0002\000.\0003\000\040\000S\000o\000f\000t\000w\000a\000r\000e}{section.2.2}% 21
\BOOKMARK [2][-]{subsection.2.2.4}{\376\377\0002\000.\0002\000.\0004\000\040\000E\000n\000t\000o\000r\000n\000o\000\040\000d\000e\000\040\000d\000e\000s\000a\000r\000r\000o\000l\000l\000o\000,\000\040\000g\000e\000s\000t\000i\000\363\000n\000\040\000d\000e\000\040\000v\000e\000r\000s\000i\000o\000n\000e\000s\000\040\000y\000\040\000d\000i\000s\000e\000\361\000o\000\040\000d\000e\000\040\000d\000i\000a\000g\000r\000a\000m\000a\000s}{section.2.2}% 22
\BOOKMARK [2][-]{subsection.2.2.5}{\376\377\0002\000.\0002\000.\0005\000\040\000C\000o\000n\000c\000l\000u\000s\000i\000o\000n\000e\000s}{section.2.2}% 23
\BOOKMARK [0][-]{chapter.3}{\376\377\0003\000\040\000R\000e\000q\000u\000i\000s\000i\000t\000o\000s\000,\000\040\000e\000s\000p\000e\000c\000i\000f\000i\000c\000a\000c\000i\000o\000n\000e\000s\000,\000\040\000c\000o\000s\000t\000e\000,\000\040\000r\000i\000e\000s\000g\000o\000s\000\040\000y\000\040\000v\000i\000a\000b\000i\000l\000i\000d\000a\000d}{}% 24
\BOOKMARK [1][-]{section.3.1}{\376\377\0003\000.\0001\000\040\000R\000e\000q\000u\000i\000s\000i\000t\000o\000s}{chapter.3}% 25
\BOOKMARK [2][-]{subsection.3.1.1}{\376\377\0003\000.\0001\000.\0001\000\040\000R\000e\000q\000u\000i\000s\000i\000t\000o\000s\000\040\000f\000u\000n\000c\000i\000o\000n\000a\000l\000e\000s}{section.3.1}% 26
\BOOKMARK [2][-]{subsection.3.1.2}{\376\377\0003\000.\0001\000.\0002\000\040\000R\000e\000q\000u\000i\000s\000i\000t\000o\000s\000\040\000n\000o\000\040\000f\000u\000n\000c\000i\000o\000n\000a\000l\000e\000s}{section.3.1}% 27
\BOOKMARK [1][-]{section.3.2}{\376\377\0003\000.\0002\000\040\000E\000s\000p\000e\000c\000i\000f\000i\000c\000a\000c\000i\000o\000n\000e\000s}{chapter.3}% 28
\BOOKMARK [1][-]{section.3.3}{\376\377\0003\000.\0003\000\040\000C\000o\000s\000t\000e\000s}{chapter.3}% 29
\BOOKMARK [1][-]{section.3.4}{\376\377\0003\000.\0004\000\040\000R\000i\000e\000s\000g\000o\000s}{chapter.3}% 30
\BOOKMARK [1][-]{section.3.5}{\376\377\0003\000.\0005\000\040\000V\000i\000a\000b\000i\000l\000i\000d\000a\000d}{chapter.3}% 31
\BOOKMARK [2][-]{subsection.3.5.1}{\376\377\0003\000.\0005\000.\0001\000\040\000V\000i\000a\000b\000i\000l\000i\000d\000a\000d\000\040\000l\000e\000g\000a\000l}{section.3.5}% 32
\BOOKMARK [0][-]{chapter.4}{\376\377\0004\000\040\000A\000n\000\341\000l\000i\000s\000i\000s}{}% 33
\BOOKMARK [1][-]{section.4.1}{\376\377\0004\000.\0001\000\040\000D\000i\000a\000g\000r\000a\000m\000a\000\040\000d\000e\000\040\000c\000a\000s\000o\000s\000\040\000d\000e\000\040\000u\000s\000o}{chapter.4}% 34
\BOOKMARK [1][-]{section.4.2}{\376\377\0004\000.\0002\000\040\000D\000i\000a\000g\000r\000a\000m\000a\000\040\000g\000e\000n\000e\000r\000a\000l\000\040\000d\000e\000\040\000s\000e\000c\000u\000e\000n\000c\000i\000a\000\040\000d\000e\000l\000\040\000s\000i\000s\000t\000e\000m\000a}{chapter.4}% 35
\BOOKMARK [1][-]{section.4.3}{\376\377\0004\000.\0003\000\040\000D\000i\000a\000g\000r\000a\000m\000a\000\040\000d\000e\000\040\000c\000l\000a\000s\000e\000s\000\040\000g\000e\000n\000e\000r\000a\000l}{chapter.4}% 36
\BOOKMARK [1][-]{section.4.4}{\376\377\0004\000.\0004\000\040\000D\000i\000a\000g\000r\000a\000m\000a\000s\000\040\000d\000e\000\040\000a\000c\000t\000i\000v\000i\000d\000a\000d\000e\000s\000\040\000m\000\341\000s\000\040\000r\000e\000l\000e\000v\000a\000n\000t\000e\000s\000\040\000d\000e\000l\000\040\000a\000n\000\341\000l\000i\000s\000i\000s}{chapter.4}% 37
\BOOKMARK [2][-]{subsection.4.4.1}{\376\377\0004\000.\0004\000.\0001\000\040\000P\000r\000o\000t\000o\000c\000o\000l\000o\000\040\000C\000o\000T\000-\000R\000A\000G}{section.4.4}% 38
\BOOKMARK [2][-]{subsection.4.4.2}{\376\377\0004\000.\0004\000.\0002\000\040\000C\000i\000c\000l\000o\000\040\000d\000e\000\040\000v\000i\000d\000a\000\040\000y\000\040\000c\000o\000m\000u\000n\000i\000c\000a\000c\000i\000\363\000n\000\040\000d\000e\000l\000\040\000W\000e\000b\000S\000o\000c\000k\000e\000t}{section.4.4}% 39
\BOOKMARK [0][-]{chapter.5}{\376\377\0005\000\040\000D\000i\000s\000e\000\361\000o}{}% 40
\BOOKMARK [0][-]{chapter.6}{\376\377\0006\000\040\000I\000m\000p\000l\000e\000m\000e\000n\000t\000a\000c\000i\000\363\000n\000\040\000y\000\040\000p\000r\000u\000e\000b\000a\000s}{}% 41
\BOOKMARK [0][-]{chapter.7}{\376\377\0007\000\040\000C\000o\000n\000c\000l\000u\000s\000i\000o\000n\000e\000s}{}% 42
\BOOKMARK [0][-]{chapter.8}{\376\377\0008\000\040\000B\000i\000b\000l\000i\000o\000g\000r\000a\000f\000\355\000a\000\040}{}% 43
\BOOKMARK [0][-]{appendix.Alph1}{\376\377\000A\000\040\000G\000l\000o\000s\000a\000r\000i\000o\000s}{}% 44
\BOOKMARK [1][-]{section.Alph1.1}{\376\377\000A\000.\0001\000\040\000A\000c\000r\000\363\000n\000i\000m\000o\000s\000\040\000y\000\040\000a\000b\000r\000e\000v\000i\000a\000c\000i\000o\000n\000e\000s}{appendix.Alph1}% 45
\BOOKMARK [1][-]{section.Alph1.2}{\376\377\000A\000.\0002\000\040\000T\000\351\000r\000m\000i\000n\000o\000s}{appendix.Alph1}% 46
